.next/dev/types/validator.ts(89,39): error TS2306: File 'C:/Users/asus/Desktop/sports-events/app/(public)/[experiences]/[sport]/page.tsx' is not a module.
.next/dev/types/validator.ts(143,39): error TS2306: File 'C:/Users/asus/Desktop/sports-events/app/(public)/events/[id]/page.tsx' is not a module.
.next/dev/types/validator.ts(170,39): error TS2306: File 'C:/Users/asus/Desktop/sports-events/app/(public)/news/[slug]/page.tsx' is not a module.
.next/dev/types/validator.ts(480,39): error TS2306: File 'C:/Users/asus/Desktop/sports-events/app/(protected)/layout.tsx' is not a module.
.next/types/validator.ts(53,39): error TS2307: Cannot find module '../../app/about/page.js' or its corresponding type declarations.
.next/types/validator.ts(143,39): error TS2307: Cannot find module '../../app/dashboard/orders/[id]/page.js' or its corresponding type declarations.
.next/types/validator.ts(152,39): error TS2307: Cannot find module '../../app/dashboard/page.js' or its corresponding type declarations.
.next/types/validator.ts(161,39): error TS2307: Cannot find module '../../app/dashboard/profile/page.js' or its corresponding type declarations.
.next/types/validator.ts(170,39): error TS2307: Cannot find module '../../app/dashboard/transactions/page.js' or its corresponding type declarations.
.next/types/validator.ts(179,39): error TS2307: Cannot find module '../../app/forgot-password/page.js' or its corresponding type declarations.
.next/types/validator.ts(188,39): error TS2307: Cannot find module '../../app/login/page.js' or its corresponding type declarations.
.next/types/validator.ts(215,39): error TS2307: Cannot find module '../../app/register/page.js' or its corresponding type declarations.
.next/types/validator.ts(224,39): error TS2307: Cannot find module '../../app/reset-password/page.js' or its corresponding type declarations.
